Archive member included because of file (symbol)

/usr/lib/gcc/msp430/4.6.3/libgcc.a(_udivmod32.o)
                              uart.o (__udivsi3)
/usr/lib/gcc/msp430/4.6.3/libcrt0.a(_reset_vector__.o)
                              /usr/lib/gcc/msp430/4.6.3/crt0ivtbl16.o (_reset_vector__)
/usr/lib/gcc/msp430/4.6.3/libcrt0.a(__watchdog_support.o)
                              /usr/lib/gcc/msp430/4.6.3/libcrt0.a(_reset_vector__.o) (__watchdog_support)
/usr/lib/gcc/msp430/4.6.3/libcrt0.a(__init_stack.o)
                              /usr/lib/gcc/msp430/4.6.3/libcrt0.a(_reset_vector__.o) (__init_stack)
/usr/lib/gcc/msp430/4.6.3/libcrt0.a(__low_level_init.o)
                              /usr/lib/gcc/msp430/4.6.3/libcrt0.a(_reset_vector__.o) (__low_level_init)
/usr/lib/gcc/msp430/4.6.3/libcrt0.a(_copy_data.o)
                              /usr/lib/gcc/msp430/4.6.3/libcrt0.a(_reset_vector__.o) (__do_copy_data)
/usr/lib/gcc/msp430/4.6.3/libcrt0.a(_clear_bss.o)
                              /usr/lib/gcc/msp430/4.6.3/libcrt0.a(_reset_vector__.o) (__do_clear_bss)
/usr/lib/gcc/msp430/4.6.3/libcrt0.a(__stop_progExec__.o)
                              /usr/lib/gcc/msp430/4.6.3/libcrt0.a(_reset_vector__.o) (__stop_progExec__)
/usr/lib/gcc/msp430/4.6.3/libcrt0.a(_endless_loop__.o)
                              /usr/lib/gcc/msp430/4.6.3/libcrt0.a(_reset_vector__.o) (_endless_loop__)
/usr/lib/gcc/msp430/4.6.3/libcrt0.a(_unexpected_.o)
                              /usr/lib/gcc/msp430/4.6.3/crt0ivtbl16.o (_unexpected_)

Allocating common symbols
Common symbol       size              file

nmicnt              0x1               msp-HPWM-Buzz.o
nret                0x2               uart.o

Memory Configuration

Name             Origin             Length             Attributes
sfr              0x00000000         0x00000010
peripheral_8bit  0x00000010         0x000000f0
peripheral_16bit 0x00000100         0x00000100
ram              0x00000200         0x00000200         xw
infomem          0x00001000         0x00000100
infod            0x00001000         0x00000040
infoc            0x00001040         0x00000040
infob            0x00001080         0x00000040
infoa            0x000010c0         0x00000040
rom              0x0000c000         0x00003fe0         xr
vectors          0x0000ffe0         0x00000020
bsl              0x00000000         0x00000000
ram2             0x00000000         0x00000000         xw
ram_mirror       0x00000000         0x00000000         xw
usbram           0x00000000         0x00000000         xw
far_rom          0x00000000         0x00000000
*default*        0x00000000         0xffffffff

Linker script and memory map

LOAD /usr/lib/gcc/msp430/4.6.3/crt0ivtbl16.o
LOAD msp-HPWM-Buzz.o
LOAD uart.o
LOAD /usr/lib/gcc/msp430/4.6.3/libgcc.a
LOAD /usr/lib/gcc/msp430/4.6.3/../../../../msp430/lib/libc.a
LOAD /usr/lib/gcc/msp430/4.6.3/libgcc.a
LOAD /usr/lib/gcc/msp430/4.6.3/libcrt0.a
                0x00000040                PROVIDE (__info_segment_size, 0x40)
                0x00001000                PROVIDE (__infod, 0x1000)
                0x00001040                PROVIDE (__infoc, 0x1040)
                0x00001080                PROVIDE (__infob, 0x1080)
                0x000010c0                PROVIDE (__infoa, 0x10c0)
                0x00000000                __IE1 = 0x0
                0x00000002                __IFG1 = 0x2
                0x00000001                __IE2 = 0x1
                0x00000003                __IFG2 = 0x3
                0x00000048                __ADC10DTC0 = 0x48
                0x00000049                __ADC10DTC1 = 0x49
                0x0000004a                __ADC10AE0 = 0x4a
                0x000001b0                __ADC10CTL0 = 0x1b0
                0x000001b2                __ADC10CTL1 = 0x1b2
                0x000001b4                __ADC10MEM = 0x1b4
                0x000001bc                __ADC10SA = 0x1bc
                0x00000056                __DCOCTL = 0x56
                0x00000057                __BCSCTL1 = 0x57
                0x00000058                __BCSCTL2 = 0x58
                0x00000053                __BCSCTL3 = 0x53
                0x00000059                __CACTL1 = 0x59
                0x0000005a                __CACTL2 = 0x5a
                0x0000005b                __CAPD = 0x5b
                0x00000128                __FCTL1 = 0x128
                0x0000012a                __FCTL2 = 0x12a
                0x0000012c                __FCTL3 = 0x12c
                0x00000020                __P1IN = 0x20
                0x00000021                __P1OUT = 0x21
                0x00000022                __P1DIR = 0x22
                0x00000023                __P1IFG = 0x23
                0x00000024                __P1IES = 0x24
                0x00000025                __P1IE = 0x25
                0x00000026                __P1SEL = 0x26
                0x00000041                __P1SEL2 = 0x41
                0x00000027                __P1REN = 0x27
                0x00000028                __P2IN = 0x28
                0x00000029                __P2OUT = 0x29
                0x0000002a                __P2DIR = 0x2a
                0x0000002b                __P2IFG = 0x2b
                0x0000002c                __P2IES = 0x2c
                0x0000002d                __P2IE = 0x2d
                0x0000002e                __P2SEL = 0x2e
                0x00000042                __P2SEL2 = 0x42
                0x0000002f                __P2REN = 0x2f
                0x00000018                __P3IN = 0x18
                0x00000019                __P3OUT = 0x19
                0x0000001a                __P3DIR = 0x1a
                0x0000001b                __P3SEL = 0x1b
                0x00000043                __P3SEL2 = 0x43
                0x00000010                __P3REN = 0x10
                0x0000012e                __TA0IV = 0x12e
                0x00000160                __TA0CTL = 0x160
                0x00000162                __TA0CCTL0 = 0x162
                0x00000164                __TA0CCTL1 = 0x164
                0x00000166                __TA0CCTL2 = 0x166
                0x00000170                __TA0R = 0x170
                0x00000172                __TA0CCR0 = 0x172
                0x00000174                __TA0CCR1 = 0x174
                0x00000176                __TA0CCR2 = 0x176
                0x0000011e                __TA1IV = 0x11e
                0x00000180                __TA1CTL = 0x180
                0x00000182                __TA1CCTL0 = 0x182
                0x00000184                __TA1CCTL1 = 0x184
                0x00000186                __TA1CCTL2 = 0x186
                0x00000190                __TA1R = 0x190
                0x00000192                __TA1CCR0 = 0x192
                0x00000194                __TA1CCR1 = 0x194
                0x00000196                __TA1CCR2 = 0x196
                0x00000060                __UCA0CTL0 = 0x60
                0x00000061                __UCA0CTL1 = 0x61
                0x00000062                __UCA0BR0 = 0x62
                0x00000063                __UCA0BR1 = 0x63
                0x00000064                __UCA0MCTL = 0x64
                0x00000065                __UCA0STAT = 0x65
                0x00000066                __UCA0RXBUF = 0x66
                0x00000067                __UCA0TXBUF = 0x67
                0x0000005d                __UCA0ABCTL = 0x5d
                0x0000005e                __UCA0IRTCTL = 0x5e
                0x0000005f                __UCA0IRRCTL = 0x5f
                0x00000068                __UCB0CTL0 = 0x68
                0x00000069                __UCB0CTL1 = 0x69
                0x0000006a                __UCB0BR0 = 0x6a
                0x0000006b                __UCB0BR1 = 0x6b
                0x0000006c                __UCB0I2CIE = 0x6c
                0x0000006d                __UCB0STAT = 0x6d
                0x0000006e                __UCB0RXBUF = 0x6e
                0x0000006f                __UCB0TXBUF = 0x6f
                0x00000118                __UCB0I2COA = 0x118
                0x0000011a                __UCB0I2CSA = 0x11a
                0x00000120                __WDTCTL = 0x120
                0x000010f8                __CALDCO_16MHZ = 0x10f8
                0x000010f9                __CALBC1_16MHZ = 0x10f9
                0x000010fa                __CALDCO_12MHZ = 0x10fa
                0x000010fb                __CALBC1_12MHZ = 0x10fb
                0x000010fc                __CALDCO_8MHZ = 0x10fc
                0x000010fd                __CALBC1_8MHZ = 0x10fd
                0x000010fe                __CALDCO_1MHZ = 0x10fe
                0x000010ff                __CALBC1_1MHZ = 0x10ff

.hash
 *(.hash)

.dynsym
 *(.dynsym)

.dynstr
 *(.dynstr)

.gnu.version
 *(.gnu.version)

.gnu.version_d
 *(.gnu.version_d)

.gnu.version_r
 *(.gnu.version_r)

.rel.init
 *(.rel.init)

.rela.init
 *(.rela.init)

.rel.fini
 *(.rel.fini)

.rela.fini
 *(.rela.fini)

.rel.text
 *(.rel.text .rel.text.* .rel.gnu.linkonce.t.*)

.rela.text
 *(.rela.text .rela.text.* .rela.gnu.linkonce.t.*)

.rel.rodata
 *(.rel.rodata .rel.rodata.* .rel.gnu.linkonce.r.*)

.rela.rodata
 *(.rela.rodata .rela.rodata.* .rela.gnu.linkonce.r.*)

.rel.data
 *(.rel.data .rel.data.* .rel.gnu.linkonce.d.*)

.rela.data
 *(.rela.data .rela.data.* .rela.gnu.linkonce.d.*)

.rel.bss
 *(.rel.bss .rel.bss.* .rel.gnu.linkonce.b.*)

.rela.bss
 *(.rela.bss .rela.bss.* .rela.gnu.linkonce.b.*)

.rel.ctors
 *(.rel.ctors)

.rela.ctors
 *(.rela.ctors)

.rel.dtors
 *(.rel.dtors)

.rela.dtors
 *(.rela.dtors)

.rel.got
 *(.rel.got)

.rela.got
 *(.rela.got)

.rel.plt
 *(.rel.plt)

.rela.plt
 *(.rela.plt)

.text           0x0000c000      0x60e
                0x0000c000                . = ALIGN (0x2)
 *(.init .init.*)
 *(.init0)
 .init0         0x0000c000        0x0 /usr/lib/gcc/msp430/4.6.3/libcrt0.a(_reset_vector__.o)
                0x0000c000                _reset_vector__
 *(.init1)
 .init1         0x0000c000        0xc /usr/lib/gcc/msp430/4.6.3/libcrt0.a(__watchdog_support.o)
                0x0000c000                __watchdog_support
 *(.init2)
 .init2         0x0000c00c        0x4 /usr/lib/gcc/msp430/4.6.3/libcrt0.a(__init_stack.o)
                0x0000c00c                __init_stack
 *(.init3)
 .init3         0x0000c010        0x0 /usr/lib/gcc/msp430/4.6.3/libcrt0.a(__low_level_init.o)
                0x0000c010                __low_level_init
 *(.init4)
 .init4         0x0000c010       0x18 /usr/lib/gcc/msp430/4.6.3/libcrt0.a(_copy_data.o)
                0x0000c010                __do_copy_data
 .init4         0x0000c028       0x16 /usr/lib/gcc/msp430/4.6.3/libcrt0.a(_clear_bss.o)
                0x0000c028                __do_clear_bss
 *(.init5)
 *(.init6)
 *(.init7)
 *(.init8)
 *(.init9)
 .init9         0x0000c03e       0x74 msp-HPWM-Buzz.o
                0x0000c03e                main
 *(.fini9)
 .fini9         0x0000c0b2        0x0 /usr/lib/gcc/msp430/4.6.3/libcrt0.a(__stop_progExec__.o)
                0x0000c0b2                __stop_progExec__
 *(.fini8)
 *(.fini7)
 *(.fini6)
 *(.fini5)
 *(.fini4)
 *(.fini3)
 *(.fini2)
 *(.fini1)
 *(.fini0)
 .fini0         0x0000c0b2        0x6 /usr/lib/gcc/msp430/4.6.3/libcrt0.a(_endless_loop__.o)
                0x0000c0b2                _endless_loop__
 *(.fini .fini.*)
                0x0000c0b8                . = ALIGN (0x2)
                0x0000c0b8                __ctors_start = .
 *(.ctors)
                0x0000c0b8                __ctors_end = .
                0x0000c0b8                __dtors_start = .
 *(.dtors)
                0x0000c0b8                __dtors_end = .
                0x0000c0b8                . = ALIGN (0x2)
 *(.text .text.* .gnu.linkonce.t.*)
 .text          0x0000c0b8        0x4 /usr/lib/gcc/msp430/4.6.3/crt0ivtbl16.o
                0x0000c0b8                __isr_4
                0x0000c0b8                __isr_11
                0x0000c0b8                __isr_5
                0x0000c0b8                __isr_2
                0x0000c0b8                __isr_10
                0x0000c0b8                __isr_7
                0x0000c0b8                __isr_0
                0x0000c0b8                __isr_8
                0x0000c0b8                __isr_3
                0x0000c0b8                __isr_12
                0x0000c0b8                __isr_13
                0x0000c0b8                __isr_6
                0x0000c0b8                __isr_1
 .text.crt0     0x0000c0bc        0x0 /usr/lib/gcc/msp430/4.6.3/crt0ivtbl16.o
 .text          0x0000c0bc      0x1ce msp-HPWM-Buzz.o
                0x0000c0bc                TA0CC0_isr
                0x0000c0bc                __isr_9
                0x0000c158                __isr_14
                0x0000c158                nmi_isr
                0x0000c1c0                oscillatorFault
                0x0000c1fe                initClock8Mhz_SMCLK_D8
 .text          0x0000c28a      0x342 uart.o
                0x0000c28a                uart_putc
                0x0000c2b0                uart_cls
                0x0000c2c4                uart_sepline
                0x0000c2d8                uart_CarRet
                0x0000c2ec                uart_puts
                0x0000c308                uart_putsNsep
                0x0000c368                uart_putssep
                0x0000c39a                uart_putnbrhex
                0x0000c458                uart_putnbr
                0x0000c50c                Stop_uart
                0x0000c52c                Setup_uart
 .text          0x0000c5cc        0x0 /usr/lib/gcc/msp430/4.6.3/libgcc.a(_udivmod32.o)
 .text.libgcc   0x0000c5cc       0x40 /usr/lib/gcc/msp430/4.6.3/libgcc.a(_udivmod32.o)
                0x0000c5cc                __udivsi3
                0x0000c5cc                __ext_udivmod32
                0x0000c602                __umodsi3
 .text          0x0000c60c        0x0 /usr/lib/gcc/msp430/4.6.3/libcrt0.a(_reset_vector__.o)
 .text          0x0000c60c        0x0 /usr/lib/gcc/msp430/4.6.3/libcrt0.a(__watchdog_support.o)
 .text          0x0000c60c        0x0 /usr/lib/gcc/msp430/4.6.3/libcrt0.a(__init_stack.o)
 .text          0x0000c60c        0x0 /usr/lib/gcc/msp430/4.6.3/libcrt0.a(__low_level_init.o)
 .text          0x0000c60c        0x0 /usr/lib/gcc/msp430/4.6.3/libcrt0.a(_copy_data.o)
 .text          0x0000c60c        0x0 /usr/lib/gcc/msp430/4.6.3/libcrt0.a(_clear_bss.o)
 .text          0x0000c60c        0x0 /usr/lib/gcc/msp430/4.6.3/libcrt0.a(__stop_progExec__.o)
 .text          0x0000c60c        0x0 /usr/lib/gcc/msp430/4.6.3/libcrt0.a(_endless_loop__.o)
 .text          0x0000c60c        0x0 /usr/lib/gcc/msp430/4.6.3/libcrt0.a(_unexpected_.o)
 .text.crt0     0x0000c60c        0x2 /usr/lib/gcc/msp430/4.6.3/libcrt0.a(_unexpected_.o)
                0x0000c60c                _unexpected_
                0x0000c60e                . = ALIGN (0x2)

.rodata         0x0000c60e       0x1e
                0x0000c60e                . = ALIGN (0x2)
 *(.rodata .rodata.* .gnu.linkonce.r.*)
 .rodata        0x0000c60e       0x1d uart.o
                0x0000c62c                . = ALIGN (0x2)
 *fill*         0x0000c62b        0x1 00
                0x0000c62c                _etext = .

.data           0x00000200       0xe2 load address 0x0000c62c
                0x00000200                . = ALIGN (0x2)
                0x00000200                PROVIDE (__data_start, .)
 *(.data .data.* .gnu.linkonce.d.*)
 .data          0x00000200        0x0 /usr/lib/gcc/msp430/4.6.3/crt0ivtbl16.o
 .data          0x00000200       0xca msp-HPWM-Buzz.o
                0x00000200                freqs
                0x000002c8                timeoutvar
 .data          0x000002ca       0x18 uart.o
                0x000002ca                sepline
                0x000002cc                clrscrn
                0x000002d1                hexref
 .data          0x000002e2        0x0 /usr/lib/gcc/msp430/4.6.3/libgcc.a(_udivmod32.o)
 .data          0x000002e2        0x0 /usr/lib/gcc/msp430/4.6.3/libcrt0.a(_reset_vector__.o)
 .data          0x000002e2        0x0 /usr/lib/gcc/msp430/4.6.3/libcrt0.a(__watchdog_support.o)
 .data          0x000002e2        0x0 /usr/lib/gcc/msp430/4.6.3/libcrt0.a(__init_stack.o)
 .data          0x000002e2        0x0 /usr/lib/gcc/msp430/4.6.3/libcrt0.a(__low_level_init.o)
 .data          0x000002e2        0x0 /usr/lib/gcc/msp430/4.6.3/libcrt0.a(_copy_data.o)
 .data          0x000002e2        0x0 /usr/lib/gcc/msp430/4.6.3/libcrt0.a(_clear_bss.o)
 .data          0x000002e2        0x0 /usr/lib/gcc/msp430/4.6.3/libcrt0.a(__stop_progExec__.o)
 .data          0x000002e2        0x0 /usr/lib/gcc/msp430/4.6.3/libcrt0.a(_endless_loop__.o)
 .data          0x000002e2        0x0 /usr/lib/gcc/msp430/4.6.3/libcrt0.a(_unexpected_.o)
                0x000002e2                . = ALIGN (0x2)
                0x000002e2                _edata = .
                0x0000c62c                PROVIDE (__data_load_start, LOADADDR (.data))
                0x000000e2                PROVIDE (__data_size, SIZEOF (.data))

.bss            0x000002e2        0x8 load address 0x0000c70e
                0x000002e2                PROVIDE (__bss_start, .)
 *(.bss .bss.*)
 .bss           0x000002e2        0x0 /usr/lib/gcc/msp430/4.6.3/crt0ivtbl16.o
 .bss           0x000002e2        0x4 msp-HPWM-Buzz.o
                0x000002e2                c
                0x000002e4                up
 .bss           0x000002e6        0x0 uart.o
 .bss           0x000002e6        0x0 /usr/lib/gcc/msp430/4.6.3/libgcc.a(_udivmod32.o)
 .bss           0x000002e6        0x0 /usr/lib/gcc/msp430/4.6.3/libcrt0.a(_reset_vector__.o)
 .bss           0x000002e6        0x0 /usr/lib/gcc/msp430/4.6.3/libcrt0.a(__watchdog_support.o)
 .bss           0x000002e6        0x0 /usr/lib/gcc/msp430/4.6.3/libcrt0.a(__init_stack.o)
 .bss           0x000002e6        0x0 /usr/lib/gcc/msp430/4.6.3/libcrt0.a(__low_level_init.o)
 .bss           0x000002e6        0x0 /usr/lib/gcc/msp430/4.6.3/libcrt0.a(_copy_data.o)
 .bss           0x000002e6        0x0 /usr/lib/gcc/msp430/4.6.3/libcrt0.a(_clear_bss.o)
 .bss           0x000002e6        0x0 /usr/lib/gcc/msp430/4.6.3/libcrt0.a(__stop_progExec__.o)
 .bss           0x000002e6        0x0 /usr/lib/gcc/msp430/4.6.3/libcrt0.a(_endless_loop__.o)
 .bss           0x000002e6        0x0 /usr/lib/gcc/msp430/4.6.3/libcrt0.a(_unexpected_.o)
 *(COMMON)
 COMMON         0x000002e6        0x1 msp-HPWM-Buzz.o
                0x000002e6                nmicnt
 *fill*         0x000002e7        0x1 00
 COMMON         0x000002e8        0x2 uart.o
                0x000002e8                nret
                0x000002ea                . = ALIGN (0x2)
                0x000002ea                PROVIDE (__bss_end, .)
                0x00000008                PROVIDE (__bss_size, SIZEOF (.bss))

.noinit         0x000002ea        0x2 load address 0x0000c70e
                0x000002ea                PROVIDE (__noinit_start, .)
 *(.noinit .noinit.*)
 .noinit.crt0   0x000002ea        0x2 /usr/lib/gcc/msp430/4.6.3/libcrt0.a(__watchdog_support.o)
                0x000002ea                __wdt_clear_value
                0x000002ec                . = ALIGN (0x2)
                0x000002ec                PROVIDE (__noinit_end, .)
                0x000002ec                . = ALIGN (0x2)
                0x000002ec                _end = .

.infomem        0x00001000        0x0
 *(.infomem)
                0x00001000                . = ALIGN (0x2)
 *(.infomem.*)

.infomemnobits  0x00001000        0x0
 *(.infomemnobits)
                0x00001000                . = ALIGN (0x2)
 *(.infomemnobits.*)

.infoa
 *(.infoa .infoa.*)

.infob
 *(.infob .infob.*)

.infoc
 *(.infoc .infoc.*)

.infod
 *(.infod .infod.*)

.vectors        0x0000ffe0       0x20
                0x0000ffe0                PROVIDE (__vectors_start, .)
 *(.vectors*)
 .vectors       0x0000ffe0       0x20 /usr/lib/gcc/msp430/4.6.3/crt0ivtbl16.o
                0x0000ffe0                __ivtbl_16
                0x00010000                _vectors_end = .

.fartext        0x00000000        0x0
                0x00000000                . = ALIGN (0x2)
 *(.fartext)
                0x00000000                . = ALIGN (0x2)
 *(.fartext.*)
                0x00000000                _efartext = .

.profiler
 *(.profiler)

.stab
 *(.stab)

.stabstr
 *(.stabstr)

.stab.excl
 *(.stab.excl)

.stab.exclstr
 *(.stab.exclstr)

.stab.index
 *(.stab.index)

.stab.indexstr
 *(.stab.indexstr)

.comment
 *(.comment)

.debug
 *(.debug)

.line
 *(.line)

.debug_srcinfo
 *(.debug_srcinfo)

.debug_sfnames
 *(.debug_sfnames)

.debug_aranges  0x00000000       0xb8
 *(.debug_aranges)
 .debug_aranges
                0x00000000       0x18 msp-HPWM-Buzz.o
 .debug_aranges
                0x00000018       0x14 uart.o
 .debug_aranges
                0x0000002c       0x14 /usr/lib/gcc/msp430/4.6.3/libgcc.a(_udivmod32.o)
 .debug_aranges
                0x00000040       0x14 /usr/lib/gcc/msp430/4.6.3/libcrt0.a(__watchdog_support.o)
 .debug_aranges
                0x00000054       0x14 /usr/lib/gcc/msp430/4.6.3/libcrt0.a(__init_stack.o)
 .debug_aranges
                0x00000068       0x14 /usr/lib/gcc/msp430/4.6.3/libcrt0.a(_copy_data.o)
 .debug_aranges
                0x0000007c       0x14 /usr/lib/gcc/msp430/4.6.3/libcrt0.a(_clear_bss.o)
 .debug_aranges
                0x00000090       0x14 /usr/lib/gcc/msp430/4.6.3/libcrt0.a(_endless_loop__.o)
 .debug_aranges
                0x000000a4       0x14 /usr/lib/gcc/msp430/4.6.3/libcrt0.a(_unexpected_.o)

.debug_pubnames
 *(.debug_pubnames)

.debug_info     0x00000000      0xd7d
 *(.debug_info)
 .debug_info    0x00000000      0x281 msp-HPWM-Buzz.o
 .debug_info    0x00000281      0x34c uart.o
 .debug_info    0x000005cd      0x12c /usr/lib/gcc/msp430/4.6.3/libgcc.a(_udivmod32.o)
 .debug_info    0x000006f9      0x116 /usr/lib/gcc/msp430/4.6.3/libcrt0.a(__watchdog_support.o)
 .debug_info    0x0000080f      0x116 /usr/lib/gcc/msp430/4.6.3/libcrt0.a(__init_stack.o)
 .debug_info    0x00000925      0x116 /usr/lib/gcc/msp430/4.6.3/libcrt0.a(_copy_data.o)
 .debug_info    0x00000a3b      0x116 /usr/lib/gcc/msp430/4.6.3/libcrt0.a(_clear_bss.o)
 .debug_info    0x00000b51      0x116 /usr/lib/gcc/msp430/4.6.3/libcrt0.a(_endless_loop__.o)
 .debug_info    0x00000c67      0x116 /usr/lib/gcc/msp430/4.6.3/libcrt0.a(_unexpected_.o)
 *(.gnu.linkonce.wi.*)

.debug_abbrev   0x00000000      0x29a
 *(.debug_abbrev)
 .debug_abbrev  0x00000000      0x10d msp-HPWM-Buzz.o
 .debug_abbrev  0x0000010d      0x101 uart.o
 .debug_abbrev  0x0000020e       0x14 /usr/lib/gcc/msp430/4.6.3/libgcc.a(_udivmod32.o)
 .debug_abbrev  0x00000222       0x14 /usr/lib/gcc/msp430/4.6.3/libcrt0.a(__watchdog_support.o)
 .debug_abbrev  0x00000236       0x14 /usr/lib/gcc/msp430/4.6.3/libcrt0.a(__init_stack.o)
 .debug_abbrev  0x0000024a       0x14 /usr/lib/gcc/msp430/4.6.3/libcrt0.a(_copy_data.o)
 .debug_abbrev  0x0000025e       0x14 /usr/lib/gcc/msp430/4.6.3/libcrt0.a(_clear_bss.o)
 .debug_abbrev  0x00000272       0x14 /usr/lib/gcc/msp430/4.6.3/libcrt0.a(_endless_loop__.o)
 .debug_abbrev  0x00000286       0x14 /usr/lib/gcc/msp430/4.6.3/libcrt0.a(_unexpected_.o)

.debug_line     0x00000000      0x7be
 *(.debug_line)
 .debug_line    0x00000000      0x14c msp-HPWM-Buzz.o
 .debug_line    0x0000014c      0x163 uart.o
 .debug_line    0x000002af       0xda /usr/lib/gcc/msp430/4.6.3/libgcc.a(_udivmod32.o)
 .debug_line    0x00000389       0xb3 /usr/lib/gcc/msp430/4.6.3/libcrt0.a(__watchdog_support.o)
 .debug_line    0x0000043c       0xb1 /usr/lib/gcc/msp430/4.6.3/libcrt0.a(__init_stack.o)
 .debug_line    0x000004ed       0xb7 /usr/lib/gcc/msp430/4.6.3/libcrt0.a(_copy_data.o)
 .debug_line    0x000005a4       0xb7 /usr/lib/gcc/msp430/4.6.3/libcrt0.a(_clear_bss.o)
 .debug_line    0x0000065b       0xb2 /usr/lib/gcc/msp430/4.6.3/libcrt0.a(_endless_loop__.o)
 .debug_line    0x0000070d       0xb1 /usr/lib/gcc/msp430/4.6.3/libcrt0.a(_unexpected_.o)

.debug_frame    0x00000000      0x1ac
 *(.debug_frame)
 .debug_frame   0x00000000       0x92 msp-HPWM-Buzz.o
 .debug_frame   0x00000092      0x11a uart.o

.debug_str      0x00000000      0x2ab
 *(.debug_str)
 .debug_str     0x00000000      0x189 msp-HPWM-Buzz.o
                                0x22e (size before relaxing)
 .debug_str     0x00000189      0x122 uart.o
                                0x1dd (size before relaxing)

.debug_loc      0x00000000      0x250
 *(.debug_loc)
 .debug_loc     0x00000000       0xc4 msp-HPWM-Buzz.o
 .debug_loc     0x000000c4      0x18c uart.o

.debug_macinfo  0x00000000     0x8cca
 *(.debug_macinfo)
 .debug_macinfo
                0x00000000     0x4667 msp-HPWM-Buzz.o
 .debug_macinfo
                0x00004667     0x4663 uart.o

.debug_pubtypes
 *(.debug_pubtypes)

.debug_ranges   0x00000000        0xc
 *(.debug_ranges)
 .debug_ranges  0x00000000        0xc msp-HPWM-Buzz.o
                0x00000400                PROVIDE (__stack, (ORIGIN (ram) + 0x200))
                0x0000c62c                PROVIDE (__data_start_rom, _etext)
                0x0000c70e                PROVIDE (__data_end_rom, (_etext + SIZEOF (.data)))
OUTPUT(msp-HPWM-Buzz.elf elf32-msp430)
